Downloading https://services.gradle.org/distributions/gradle-8.7-bin.zip
............10%.............20%.............30%.............40%............50%.............60%.............70%.............80%.............90%............100%

Welcome to Gradle 8.7!

Here are the highlights of this release:
 - Compiling and testing with Java 22
 - Cacheable Groovy script compilation
 - New methods in lazy collection properties

For more details see https://docs.gradle.org/8.7/release-notes.html

Starting a Gradle Daemon (subsequent builds will be faster)
Checking the license for package Android SDK Build-Tools 34 in /usr/local/share/android-sdk/licenses
License for package Android SDK Build-Tools 34 accepted.
Preparing "Install Android SDK Build-Tools 34 v.34.0.0".
"Install Android SDK Build-Tools 34 v.34.0.0" ready.
Installing Android SDK Build-Tools 34 in /usr/local/share/android-sdk/build-tools/34.0.0
"Install Android SDK Build-Tools 34 v.34.0.0" complete.
"Install Android SDK Build-Tools 34 v.34.0.0" finished.
&gt; Task :app:preBuild UP-TO-DATE
&gt; Task :app:preDebugBuild UP-TO-DATE
&gt; Task :app:mergeDebugNativeDebugMetadata NO-SOURCE
&gt; Task :app:checkKotlinGradlePluginConfigurationErrors
&gt; Task :app:generateDebugResValues
&gt; Task :app:dataBindingMergeDependencyArtifactsDebug
&gt; Task :app:generateDebugResources
&gt; Task :app:packageDebugResources
&gt; Task :app:mergeDebugResources
&gt; Task :app:parseDebugLocalResources
&gt; Task :app:checkDebugAarMetadata
&gt; Task :app:dataBindingGenBaseClassesDebug
&gt; Task :app:mapDebugSourceSetPaths
&gt; Task :app:createDebugCompatibleScreenManifests
&gt; Task :app:extractDeepLinksDebug
&gt; Task :app:processDebugMainManifest
&gt; Task :app:processDebugManifest
&gt; Task :app:javaPreCompileDebug
&gt; Task :app:mergeDebugShaders
&gt; Task :app:compileDebugShaders NO-SOURCE
&gt; Task :app:generateDebugAssets UP-TO-DATE
&gt; Task :app:mergeDebugAssets
&gt; Task :app:compressDebugAssets
&gt; Task :app:desugarDebugFileDependencies
&gt; Task :app:mergeDebugJniLibFolders
&gt; Task :app:checkDebugDuplicateClasses
&gt; Task :app:mergeDebugNativeLibs
&gt; Task :app:processDebugManifestForPackage
&gt; Task :app:mergeLibDexDebug

&gt; Task :app:stripDebugDebugSymbols
Unable to strip the following libraries, packaging them as they are: libdatastore_shared_counter.so, libtermux.so.

&gt; Task :app:validateSigningDebug
&gt; Task :app:writeDebugAppMetadata
&gt; Task :app:writeDebugSigningConfigVersions
&gt; Task :app:processDebugResources
&gt; Task :app:mergeExtDexDebug
&gt; Task :app:kspDebugKotlin

&gt; Task :app:compileDebugKotlin
e: file:///Users/builder/clone/app/src/main/java/com/agychat/app/presentation/terminal/TerminalSheetController.kt:19:17 No value passed for parameter 'client'

&gt; Task :app:compileDebugKotlin FAILED

FAILURE: Build failed with an exception.

* What went wrong:
Execution failed for task ':app:compileDebugKotlin'.
&gt; A failure occurred while executing org.jetbrains.kotlin.compilerRunner.GradleCompilerRunnerWithWorkers$GradleKotlinCompilerWorkAction
   &gt; Compilation error. See log for more details

* Try:
&gt; Run with --stacktrace option to get the stack trace.
&gt; Run with --info or --debug option to get more log output.
&gt; Run with --scan to get full insights.
&gt; Get more help at https://help.gradle.org.

BUILD FAILED in 1m 19s
32 actionable tasks: 32 executed


Build failed :|
Step 4 script `Build debug APK` exited with status code 1